// Jest Snapshot v1, https://goo.gl/fbAQLP

exports[`<Index /> should render <Index /> component 1`] = `
ShallowWrapper {
  "complexSelector": ComplexSelector {
    "buildPredicate": [Function],
    "childrenOfNode": [Function],
    "findWhereUnwrapped": [Function],
  },
  "length": 1,
  "node": <div>
    <h1
        id="title"
    >
        Index Title
    </h1>
    <h2>
        one
    </h2>
    <h2>
        two
    </h2>
    <h2>
        three
    </h2>
</div>,
  "nodes": Array [
    <div>
      <h1
            id="title"
      >
            Index Title
      </h1>
      <h2>
            one
      </h2>
      <h2>
            two
      </h2>
      <h2>
            three
      </h2>
</div>,
  ],
  "options": Object {},
  "renderer": ReactShallowRenderer {
    "_instance": ShallowComponentWrapper {
      "_calledComponentWillUnmount": false,
      "_compositeType": 0,
      "_context": Object {},
      "_currentElement": <Index />,
      "_debugID": 1,
      "_hostContainerInfo": null,
      "_hostParent": null,
      "_instance": Index {
        "_reactInternalInstance": [Circular],
        "context": Object {},
        "props": Object {},
        "refs": Object {},
        "state": null,
        "updater": Object {
          "enqueueCallback": [Function],
          "enqueueCallbackInternal": [Function],
          "enqueueElementInternal": [Function],
          "enqueueForceUpdate": [Function],
          "enqueueReplaceState": [Function],
          "enqueueSetState": [Function],
          "isMounted": [Function],
          "validateCallback": [Function],
        },
      },
      "_mountOrder": 1,
      "_pendingCallbacks": null,
      "_pendingElement": null,
      "_pendingForceUpdate": false,
      "_pendingReplaceState": false,
      "_pendingStateQueue": null,
      "_renderedComponent": NoopInternalComponent {
        "_currentElement": <div>
          <h1
                    id="title"
          >
                    Index Title
          </h1>
          <h2>
                    one
          </h2>
          <h2>
                    two
          </h2>
          <h2>
                    three
          </h2>
</div>,
        "_debugID": 2,
        "_renderedOutput": <div>
          <h1
                    id="title"
          >
                    Index Title
          </h1>
          <h2>
                    one
          </h2>
          <h2>
                    two
          </h2>
          <h2>
                    three
          </h2>
</div>,
      },
      "_renderedNodeType": 0,
      "_rootNodeID": 0,
      "_topLevelWrapper": null,
      "_updateBatchNumber": null,
      "_warnedAboutRefsInRender": false,
    },
    "getRenderOutput": [Function],
    "render": [Function],
  },
  "root": [Circular],
  "unrendered": <Index />,
}
`;
